Microchip MPLAB XC8 Compiler V3.00

Linker command line:

-W-3 \
  --edf=C:\Program Files\Microchip\xc8\v3.00\pic\dat\20241204225717_en.msgs \
  -cn -h+dist/default/debug\spi_host_ble.X.debug.sym \
  --cmf=dist/default/debug\spi_host_ble.X.debug.cmf -z -Q16LF18456 \
  -oC:\Users\jjega\AppData\Local\Temp\xcBsfh4.1\driver_tmp_3.o \
  --defsym=__MPLAB_BUILD=1 --fixupoverflow=error \
  -Mdist/default/debug/spi_host_ble.X.debug.map \
  --md=C:\Users\jjega\AppData\Local\Temp\xcBsfh4.1\driver_tmp_0.dat -E1 \
  -ver=XC8 Compiler -ACODE=00h-07FFhx8 -ASTRCODE=00h-03FFFh \
  -ASTRING=00h-0FFhx64 -ACONST=00h-0FFhx64 -AENTRY=00h-0FFhx64 \
  -ACOMMON=070h-07Fh -ABANK0=020h-06Fh -ABANK1=0A0h-0EFh \
  -ABANK2=0120h-016Fh -ABANK3=01A0h-01EFh -ABANK4=0220h-026Fh \
  -ABANK5=02A0h-02EFh -ABANK6=0320h-036Fh -ABANK7=03A0h-03EFh \
  -ABANK8=0420h-046Fh -ABANK9=04A0h-04EFh -ABANK10=0520h-056Fh \
  -ABANK11=05A0h-05EFh -ABANK12=0620h-066Fh -ABANK13=06A0h-06EFh \
  -ABANK14=0720h-076Fh -ABANK15=07A0h-07EFh -ABANK16=0820h-086Fh \
  -ABANK17=08A0h-08EFh -ABANK18=0920h-096Fh -ABANK19=09A0h-09EFh \
  -ABANK20=0A20h-0A6Fh -ABANK21=0AA0h-0AEFh -ABANK22=0B20h-0B6Fh \
  -ABANK23=0BA0h-0BEFh -ABANK24=0C20h-0C6Fh -ABANK25=0CA0h-0CBFh \
  -ABIGRAM=02000h-027EFh \
  -ARAM=020h-06Fh,0A0h-0EFh,0120h-016Fh,01A0h-01EFh,0220h-026Fh,02A0h-02EFh,0320h-036Fh,03A0h-03EFh,0420h-046Fh,04A0h-04EFh,0520h-056Fh,05A0h-05EFh,0620h-066Fh,06A0h-06EFh,0720h-076Fh,07A0h-07EFh,0820h-086Fh,08A0h-08EFh,0920h-096Fh,09A0h-09EFh,0A20h-0A6Fh,0AA0h-0AEFh,0B20h-0B6Fh,0BA0h-0BEFh,0C20h-0C6Fh,0CA0h-0CBFh \
  -AABS1=020h-07Fh,0A0h-0EFh,0120h-016Fh,01A0h-01EFh,0220h-026Fh,02A0h-02EFh,0320h-036Fh,03A0h-03EFh,0420h-046Fh,04A0h-04EFh,0520h-056Fh,05A0h-05EFh,0620h-066Fh,06A0h-06EFh,0720h-076Fh,07A0h-07EFh,0820h-086Fh,08A0h-08EFh,0920h-096Fh,09A0h-09EFh,0A20h-0A6Fh,0AA0h-0AEFh,0B20h-0B6Fh,0BA0h-0BEFh,0C20h-0C6Fh,0CA0h-0CBFh \
  -ASFR0=00h-01Fh -ASFR1=080h-09Fh -ASFR2=0100h-011Fh -ASFR3=0180h-019Fh \
  -ASFR4=0200h-021Fh -ASFR5=0280h-029Fh -ASFR6=0300h-031Fh \
  -ASFR7=0380h-039Fh -ASFR8=0400h-041Fh -ASFR9=0480h-049Fh \
  -ASFR10=0500h-051Fh -ASFR11=0580h-059Fh -ASFR12=0600h-061Fh \
  -ASFR13=0680h-069Fh -ASFR14=0700h-071Fh -ASFR15=0780h-079Fh \
  -ASFR16=0800h-081Fh -ASFR17=0880h-089Fh -ASFR18=0900h-091Fh \
  -ASFR19=0980h-099Fh -ASFR20=0A00h-0A1Fh -ASFR21=0A80h-0A9Fh \
  -ASFR22=0B00h-0B1Fh -ASFR23=0B80h-0B9Fh -ASFR24=0C00h-0C1Fh \
  -ASFR25=0C80h-0C9Fh -ASFR26=0D00h-0D6Fh -ASFR27=0D80h-0DEFh \
  -ASFR28=0E00h-0E6Fh -ASFR29=0E80h-0EEFh -ASFR30=0F00h-0F6Fh \
  -ASFR31=0F80h-0FEFh -ASFR32=01000h-0106Fh -ASFR33=01080h-010EFh \
  -ASFR34=01100h-0116Fh -ASFR35=01180h-011EFh -ASFR36=01200h-0126Fh \
  -ASFR37=01280h-012EFh -ASFR38=01300h-0136Fh -ASFR39=01380h-013EFh \
  -ASFR40=01400h-0146Fh -ASFR41=01480h-014EFh -ASFR42=01500h-0156Fh \
  -ASFR43=01580h-015EFh -ASFR44=01600h-0166Fh -ASFR45=01680h-016EFh \
  -ASFR46=01700h-0176Fh -ASFR47=01780h-017EFh -ASFR48=01800h-0186Fh \
  -ASFR49=01880h-018EFh -ASFR50=01900h-0196Fh -ASFR51=01980h-019EFh \
  -ASFR52=01A00h-01A6Fh -ASFR53=01A80h-01AEFh -ASFR54=01B00h-01B6Fh \
  -ASFR55=01B80h-01BEFh -ASFR56=01C00h-01C6Fh -ASFR57=01C80h-01CEFh \
  -ASFR58=01D00h-01D6Fh -ASFR59=01D80h-01DEFh -ASFR60=01E00h-01E6Fh \
  -ASFR61=01E80h-01EEFh -ASFR62=01F00h-01F6Fh -ASFR63=01F80h-01FEFh \
  -ACONFIG=08007h-0800Bh -DCONFIG=2 -AIDLOC=08000h-08003h -DIDLOC=2 \
  -AEEDATA=00h-0FFh/0F000h -peeprom_data=EEDATA -DEEDATA=2 -DCODE=2 \
  -DSTRCODE=2 -DSTRING=2 -DCONST=2 -DENTRY=2 \
  -preset_vec=00h,intentry=04h,sivt,init,end_init -ppowerup=CODE \
  -pcinit=CODE -pfunctab=ENTRY -k \
  C:\Users\jjega\AppData\Local\Temp\xcBsfh4.1\driver_tmp_15.o \
  dist/default/debug\spi_host_ble.X.debug.o 

Object code version is 3.11

Machine type is 16LF18456



                Name                               Link     Load   Length Selector   Space Scale
C:\Users\jjega\AppData\Local\Temp\xcBsfh4.1\driver_tmp_15.o
                end_init                             61       61        2        8       0
                reset_vec                             0        0        2        0       0
                config                             8007     8007        5        0       4
dist/default/debug\spi_host_ble.X.debug.o
                cinit                                63       63       60        8       0
                intentry                              4        4       5D        8       0
                config                             8007     8007        5        0       4
                text152                             A71      A71       15     14E2       0
                text151                            17BC     17BC        4     2F78       0
                text150                            1798     1798        1     2F30       0
                text149                            17C0     17C0        4     2F80       0
                text148                             795      795       3D        8       0
                text147                             C0E      C0E       1E     181C       0
                text146                             A86      A86       16     150C       0
                text145                            17C4     17C4        4     2F88       0
                text144                            1799     1799        1     2F32       0
                text143                            17C8     17C8        4     2F90       0
                text142                             758      758       3D        8       0
                text141                             C68      C68       1F     18D0       0
                text140                            179A     179A        1     2F34       0
                text139                             963      963        F     12C6       0
                text138                            17CC     17CC        4     2F98       0
                text137                             972      972        F     12E4       0
                text136                             9BD      9BD       11     137A       0
                text135                            179B     179B        1     2F36       0
                text134                             981      981        F     1302       0
                text132                            179E     179E        3     2F3C       0
                text131                            17A1     17A1        3     2F42       0
                text130                            17A4     17A4        3     2F48       0
                text129                             B78      B78       18     16F0       0
                text128                            17A7     17A7        3     2F4E       0
                text127                            17AA     17AA        3     2F54       0
                text126                            17AD     17AD        3     2F5A       0
                text125                             990      990        F     1320       0
                text124                             F1A      F1A       38     1E34       0
                text123                             92F      92F        D     125E       0
                text122                             A9C      A9C       16     1538       0
                text121                             AB2      AB2       16     1564       0
                text120                             AC8      AC8       16     1590       0
                text119                             ADE      ADE       16     15BC       0
                text118                             AF4      AF4       16     15E8       0
                text117                             C2C      C2C       1E     1858       0
                text116                            179C     179C        2     2F38       0
                text115                               2        2        2        0       0
                text114                             B0A      B0A       16     1614       0
                text113                             B20      B20       16     1640       0
                text112                             B36      B36       16     166C       0
                text111                             C4A      C4A       1E     1894       0
                text110                            17B0     17B0        3     2F60       0
                text109                            17D0     17D0        4     2FA0       0
                text108                            17B3     17B3        3     2F66       0
                text107                            17D4     17D4        4     2FA8       0
                text106                            17D8     17D8        5     2FB0       0
                text105                             817      817        6     102E       0
                text104                            17B6     17B6        3     2F6C       0
                text103                             E54      E54       2F     1CA8       0
                text102                            17DD     17DD        5     2FBA       0
                text101                             8A6      8A6        9     114C       0
                text100                             896      896        8     112C       0
                text99                              434      434       55        8       0
                text98                              698      698       46        8       0
                text97                              88F      88F        7     111E       0
                text96                             17E2     17E2        5     2FC4       0
                text95                             17E7     17E7        5     2FCE       0
                text94                             17EC     17EC        5     2FD8       0
                text93                             17F1     17F1        5     2FE2       0
                text92                             17F6     17F6        5     2FEC       0
                text91                             17FB     17FB        5     2FF6       0
                text90                              803      803        5     1006       0
                text89                              808      808        5     1010       0
                text88                              DFD      DFD       2B     1BFA       0
                text87                              DD4      DD4       29     1BA8       0
                text86                              81D      81D        6     103A       0
                text85                              93C      93C        D     1278       0
                text84                              C87      C87       21     190E       0
                text83                              80D      80D        5     101A       0
                text82                              949      949        D     1292       0
                text81                              FC5      FC5       3B     1F8A       0
                text80                              956      956        D     12AC       0
                text79                              4D9      4D9       50        8       0
                text78                              9CE      9CE       11     139C       0
                text77                              D5F      D5F       27     1ABE       0
                text76                              9DF      9DF       11     13BE       0
                text75                              D86      D86       27     1B0C       0
                text74                              9F0      9F0       11     13E0       0
                text73                              DAD      DAD       27     1B5A       0
                text72                              652      652       46        8       0
                text71                              CEF      CEF       25     19DE       0
                text70                              8FF      8FF        C     11FE       0
                text69                              BC0      BC0       19     1780       0
                text68                              2F7      2F7       88        8       0
                text67                              E28      E28       2C     1C50       0
                text66                              99F      99F        F     133E       0
                text65                              EE6      EE6       34     1DCC       0
                text64                              823      823        6     1046       0
                text63                              829      829        6     1052       0
                text62                              812      812        5     1024       0
                text61                              D39      D39       26     1A72       0
                text60                              7FF      7FF        1        8       0
                text59                              9AE      9AE        F     135C       0
                text58                              F52      F52       39     1EA4       0
                text57                               C3       C3       CB        8       0
                text56                              82F      82F        6     105E       0
                text55                              A24      A24       13     1448       0
                text54                              E83      E83       31     1D06       0
                text53                              253      253       A4        8       0
                text52                              60A      60A       48        8       0
                text51                              D14      D14       25     1A28       0
                text50                              90B      90B        C     1216       0
                text49                              B90      B90       18     1720       0
                text48                              A12      A12       12     1424       0
                text47                              89E      89E        8     113C       0
                text46                              8E9      8E9        B     11D2       0
                text45                              CCB      CCB       24     1996       0
                text44                              8C1      8C1        A     1182       0
                text43                              8F4      8F4        B     11E8       0
                text42                              917      917        C     122E       0
                text41                              8AF      8AF        9     115E       0
                text40                              8CB      8CB        A     1196       0
                text39                              37F      37F       5E        8       0
                text38                             17B9     17B9        3     2F72       0
                text37                              CA8      CA8       23     1950       0
                text36                              A37      A37       13     146E       0
                text35                              EB4      EB4       32     1D68       0
                text34                              529      529       4E        8       0
                text33                              7D2      7D2       2D        8       0
                text32                              BA8      BA8       18     1750       0
                text31                              489      489       50        8       0
                text30                              5C1      5C1       49        8       0
                text29                              F8B      F8B       3A     1F16       0
                text28                              577      577       4A        8       0
                text27                              BF2      BF2       1C     17E4       0
                text26                              923      923        C     1246       0
                text25                              835      835        6     106A       0
                text24                              83B      83B        6     1076       0
                text23                              841      841        6     1082       0
                text22                              847      847        6     108E       0
                text21                              84D      84D        6     109A       0
                text20                              71B      71B       3D        8       0
                text19                              853      853        6     10A6       0
                text18                              859      859        6     10B2       0
                text17                              85F      85F        6     10BE       0
                text16                              865      865        6     10CA       0
                text15                              86B      86B        6     10D6       0
                text14                              6DE      6DE       3D        8       0
                text13                              8B8      8B8        9     1170       0
                text12                              8D5      8D5        A     11AA       0
                text11                              871      871        6     10E2       0
                text10                              877      877        6     10EE       0
                text9                               3DD      3DD       57        8       0
                text8                               8DF      8DF        A     11BE       0
                text7                               B4C      B4C       16     1698       0
                text6                               87D      87D        6     10FA       0
                text5                               A5D      A5D       14     14BA       0
                text4                               BD9      BD9       19     17B2       0
                text3                               800      800        3     1000       0
                text2                               A4A      A4A       13     1494       0
                text1                               B62      B62       16     16C4       0
                maintext                            18E      18E       C5        8       0
                cstackBANK0                          20       20       28       20       1
                cstackCOMMON                         70       70        E       70       1
                clrtext                             883      883        6     1106       0
                inittext                            889      889        6     1112       0
                bssBANK9                            4A0      4A0       50      4A0       1
                bssBANK8                            420      420       50      420       1
                bssBANK7                            3A0      3A0       50      3A0       1
                bssBANK6                            320      320       50      320       1
                bssBANK5                            2A0      2A0       40      2A0       1
                bssBANK4                            220      220       50      220       1
                dataBANK3                           1C4      1C4       11      1A0       1
                bssBANK3                            1A0      1A0       24      1A0       1
                bssBANK2                            120      120       34      120       1
                bssBANK1                             A0       A0       26       A0       1
                bssBANK0                             48       48       27       20       1
                stringtext10                       1091     1091        6     2000       0
                stringtext9                        1086     1086        B     2000       0
                stringtext8                        107A     107A        C     2000       0
                nvBANK2                             154      154        E      120       1
                nvBANK1                              C6       C6        C       A0       1
                stringtext7                        1806     1806        2     3000       0
                stringtext6                        1804     1804        2     3000       0
                stringtext5                        1800     1800        4     3000       0
                stringtext4                        1068     1068       12     2000       0
                stringtext3                        1048     1048       20     2000       0
                stringtext2                        1028     1028       20     2000       0
                stringtext1                        1000     1000       28     2000       0
                idataBANK3                          A01      A01       11     1402       0

TOTAL           Name                               Link     Load   Length     Space
        CLASS   CODE           
                end_init                             61       61        2         0
                cinit                                63       63       60         0
                intentry                              4        4       5D         0
                reset_vec                             0        0        2         0
                text152                             A71      A71       15         0
                text151                            17BC     17BC        4         0
                text150                            1798     1798        1         0
                text149                            17C0     17C0        4         0
                text148                             795      795       3D         0
                text147                             C0E      C0E       1E         0
                text146                             A86      A86       16         0
                text145                            17C4     17C4        4         0
                text144                            1799     1799        1         0
                text143                            17C8     17C8        4         0
                text142                             758      758       3D         0
                text141                             C68      C68       1F         0
                text140                            179A     179A        1         0
                text139                             963      963        F         0
                text138                            17CC     17CC        4         0
                text137                             972      972        F         0
                text136                             9BD      9BD       11         0
                text135                            179B     179B        1         0
                text134                             981      981        F         0
                text132                            179E     179E        3         0
                text131                            17A1     17A1        3         0
                text130                            17A4     17A4        3         0
                text129                             B78      B78       18         0
                text128                            17A7     17A7        3         0
                text127                            17AA     17AA        3         0
                text126                            17AD     17AD        3         0
                text125                             990      990        F         0
                text124                             F1A      F1A       38         0
                text123                             92F      92F        D         0
                text122                             A9C      A9C       16         0
                text121                             AB2      AB2       16         0
                text120                             AC8      AC8       16         0
                text119                             ADE      ADE       16         0
                text118                             AF4      AF4       16         0
                text117                             C2C      C2C       1E         0
                text116                            179C     179C        2         0
                text115                               2        2        2         0
                text114                             B0A      B0A       16         0
                text113                             B20      B20       16         0
                text112                             B36      B36       16         0
                text111                             C4A      C4A       1E         0
                text110                            17B0     17B0        3         0
                text109                            17D0     17D0        4         0
                text108                            17B3     17B3        3         0
                text107                            17D4     17D4        4         0
                text106                            17D8     17D8        5         0
                text105                             817      817        6         0
                text104                            17B6     17B6        3         0
                text103                             E54      E54       2F         0
                text102                            17DD     17DD        5         0
                text101                             8A6      8A6        9         0
                text100                             896      896        8         0
                text99                              434      434       55         0
                text98                              698      698       46         0
                text97                              88F      88F        7         0
                text96                             17E2     17E2        5         0
                text95                             17E7     17E7        5         0
                text94                             17EC     17EC        5         0
                text93                             17F1     17F1        5         0
                text92                             17F6     17F6        5         0
                text91                             17FB     17FB        5         0
                text90                              803      803        5         0
                text89                              808      808        5         0
                text88                              DFD      DFD       2B         0
                text87                              DD4      DD4       29         0
                text86                              81D      81D        6         0
                text85                              93C      93C        D         0
                text84                              C87      C87       21         0
                text83                              80D      80D        5         0
                text82                              949      949        D         0
                text81                              FC5      FC5       3B         0
                text80                              956      956        D         0
                text79                              4D9      4D9       50         0
                text78                              9CE      9CE       11         0
                text77                              D5F      D5F       27         0
                text76                              9DF      9DF       11         0
                text75                              D86      D86       27         0
                text74                              9F0      9F0       11         0
                text73                              DAD      DAD       27         0
                text72                              652      652       46         0
                text71                              CEF      CEF       25         0
                text70                              8FF      8FF        C         0
                text69                              BC0      BC0       19         0
                text68                              2F7      2F7       88         0
                text67                              E28      E28       2C         0
                text66                              99F      99F        F         0
                text65                              EE6      EE6       34         0
                text64                              823      823        6         0
                text63                              829      829        6         0
                text62                              812      812        5         0
                text61                              D39      D39       26         0
                text60                              7FF      7FF        1         0
                text59                              9AE      9AE        F         0
                text58                              F52      F52       39         0
                text57                               C3       C3       CB         0
                text56                              82F      82F        6         0
                text55                              A24      A24       13         0
                text54                              E83      E83       31         0
                text53                              253      253       A4         0
                text52                              60A      60A       48         0
                text51                              D14      D14       25         0
                text50                              90B      90B        C         0
                text49                              B90      B90       18         0
                text48                              A12      A12       12         0
                text47                              89E      89E        8         0
                text46                              8E9      8E9        B         0
                text45                              CCB      CCB       24         0
                text44                              8C1      8C1        A         0
                text43                              8F4      8F4        B         0
                text42                              917      917        C         0
                text41                              8AF      8AF        9         0
                text40                              8CB      8CB        A         0
                text39                              37F      37F       5E         0
                text38                             17B9     17B9        3         0
                text37                              CA8      CA8       23         0
                text36                              A37      A37       13         0
                text35                              EB4      EB4       32         0
                text34                              529      529       4E         0
                text33                              7D2      7D2       2D         0
                text32                              BA8      BA8       18         0
                text31                              489      489       50         0
                text30                              5C1      5C1       49         0
                text29                              F8B      F8B       3A         0
                text28                              577      577       4A         0
                text27                              BF2      BF2       1C         0
                text26                              923      923        C         0
                text25                              835      835        6         0
                text24                              83B      83B        6         0
                text23                              841      841        6         0
                text22                              847      847        6         0
                text21                              84D      84D        6         0
                text20                              71B      71B       3D         0
                text19                              853      853        6         0
                text18                              859      859        6         0
                text17                              85F      85F        6         0
                text16                              865      865        6         0
                text15                              86B      86B        6         0
                text14                              6DE      6DE       3D         0
                text13                              8B8      8B8        9         0
                text12                              8D5      8D5        A         0
                text11                              871      871        6         0
                text10                              877      877        6         0
                text9                               3DD      3DD       57         0
                text8                               8DF      8DF        A         0
                text7                               B4C      B4C       16         0
                text6                               87D      87D        6         0
                text5                               A5D      A5D       14         0
                text4                               BD9      BD9       19         0
                text3                               800      800        3         0
                text2                               A4A      A4A       13         0
                text1                               B62      B62       16         0
                maintext                            18E      18E       C5         0
                clrtext                             883      883        6         0
                inittext                            889      889        6         0
                idataBANK3                          A01      A01       11         0

        CLASS   STRCODE        
                stringtext10                       1091     1091        6         0
                stringtext9                        1086     1086        B         0
                stringtext8                        107A     107A        C         0
                stringtext7                        1806     1806        2         0
                stringtext6                        1804     1804        2         0
                stringtext5                        1800     1800        4         0
                stringtext4                        1068     1068       12         0
                stringtext3                        1048     1048       20         0
                stringtext2                        1028     1028       20         0
                stringtext1                        1000     1000       28         0

        CLASS   STRING         

        CLASS   CONST          

        CLASS   ENTRY          

        CLASS   COMMON         
                cstackCOMMON                         70       70        E         1

        CLASS   BANK0          
                cstackBANK0                          20       20       28         1
                bssBANK0                             48       48       27         1

        CLASS   BANK1          
                bssBANK1                             A0       A0       26         1
                nvBANK1                              C6       C6        C         1

        CLASS   BANK2          
                bssBANK2                            120      120       34         1
                nvBANK2                             154      154        E         1

        CLASS   BANK3          
                dataBANK3                           1C4      1C4       11         1
                bssBANK3                            1A0      1A0       24         1

        CLASS   BANK4          
                bssBANK4                            220      220       50         1

        CLASS   BANK5          
                bssBANK5                            2A0      2A0       40         1

        CLASS   BANK6          
                bssBANK6                            320      320       50         1

        CLASS   BANK7          
                bssBANK7                            3A0      3A0       50         1

        CLASS   BANK8          
                bssBANK8                            420      420       50         1

        CLASS   BANK9          
                bssBANK9                            4A0      4A0       50         1

        CLASS   BANK10         

        CLASS   BANK11         

        CLASS   BANK12         

        CLASS   BANK13         

        CLASS   BANK14         

        CLASS   BANK15         

        CLASS   BANK16         

        CLASS   BANK17         

        CLASS   BANK18         

        CLASS   BANK19         

        CLASS   BANK20         

        CLASS   BANK21         

        CLASS   BANK22         

        CLASS   BANK23         

        CLASS   BANK24         

        CLASS   BANK25         

        CLASS   BIGRAM         

        CLASS   RAM            

        CLASS   ABS1           
                abs_s1                               7E       7E        2         1

        CLASS   SFR0           

        CLASS   SFR1           

        CLASS   SFR2           

        CLASS   SFR3           

        CLASS   SFR4           

        CLASS   SFR5           

        CLASS   SFR6           

        CLASS   SFR7           

        CLASS   SFR8           

        CLASS   SFR9           

        CLASS   SFR10          

        CLASS   SFR11          

        CLASS   SFR12          

        CLASS   SFR13          

        CLASS   SFR14          

        CLASS   SFR15          

        CLASS   SFR16          

        CLASS   SFR17          

        CLASS   SFR18          

        CLASS   SFR19          

        CLASS   SFR20          

        CLASS   SFR21          

        CLASS   SFR22          

        CLASS   SFR23          

        CLASS   SFR24          

        CLASS   SFR25          

        CLASS   SFR26          

        CLASS   SFR27          

        CLASS   SFR28          

        CLASS   SFR29          

        CLASS   SFR30          

        CLASS   SFR31          

        CLASS   SFR32          

        CLASS   SFR33          

        CLASS   SFR34          

        CLASS   SFR35          

        CLASS   SFR36          

        CLASS   SFR37          

        CLASS   SFR38          

        CLASS   SFR39          

        CLASS   SFR40          

        CLASS   SFR41          

        CLASS   SFR42          

        CLASS   SFR43          

        CLASS   SFR44          

        CLASS   SFR45          

        CLASS   SFR46          

        CLASS   SFR47          

        CLASS   SFR48          

        CLASS   SFR49          

        CLASS   SFR50          

        CLASS   SFR51          

        CLASS   SFR52          

        CLASS   SFR53          

        CLASS   SFR54          

        CLASS   SFR55          

        CLASS   SFR56          

        CLASS   SFR57          

        CLASS   SFR58          

        CLASS   SFR59          

        CLASS   SFR60          

        CLASS   SFR61          

        CLASS   SFR62          

        CLASS   SFR63          

        CLASS   CONFIG         
                config                             8007     8007        5         4

        CLASS   IDLOC          

        CLASS   EEDATA         

        CLASS   BANK63         

        CLASS   BANK62         

        CLASS   BANK61         

        CLASS   BANK60         

        CLASS   BANK59         

        CLASS   BANK58         

        CLASS   BANK57         

        CLASS   BANK56         

        CLASS   BANK55         

        CLASS   BANK54         

        CLASS   BANK53         

        CLASS   BANK52         

        CLASS   BANK51         

        CLASS   BANK50         

        CLASS   BANK49         

        CLASS   BANK48         

        CLASS   BANK47         

        CLASS   BANK46         

        CLASS   BANK45         

        CLASS   BANK44         

        CLASS   BANK43         

        CLASS   BANK42         

        CLASS   BANK41         

        CLASS   BANK40         

        CLASS   BANK39         

        CLASS   BANK38         

        CLASS   BANK37         

        CLASS   BANK36         

        CLASS   BANK35         

        CLASS   BANK34         

        CLASS   BANK33         

        CLASS   BANK32         

        CLASS   BANK31         

        CLASS   BANK30         

        CLASS   BANK29         

        CLASS   BANK28         

        CLASS   BANK27         

        CLASS   BANK26         

        CLASS   HEAP           

        CLASS   STACK          



SEGMENTS        Name                           Load    Length   Top    Selector   Space  Class     Delta

                reset_vec                      000000  000004  000004         0       0  CODE        2
                intentry                       000004  0007FC  000800         8       0  CODE        2
                cstackBANK0                    000020  00004F  00006F        20       1  BANK0       1
                cstackCOMMON                   000070  00000E  00007E        70       1  COMMON      1
                bssBANK1                       0000A0  000032  0000D2        A0       1  BANK1       1
                bssBANK2                       000120  000042  000162       120       1  BANK2       1
                bssBANK3                       0001A0  000035  0001D5       1A0       1  BANK3       1
                bssBANK4                       000220  000050  000270       220       1  BANK4       1
                bssBANK5                       0002A0  000040  0002E0       2A0       1  BANK5       1
                bssBANK6                       000320  000050  000370       320       1  BANK6       1
                bssBANK7                       0003A0  000050  0003F0       3A0       1  BANK7       1
                bssBANK8                       000420  000050  000470       420       1  BANK8       1
                bssBANK9                       0004A0  000050  0004F0       4A0       1  BANK9       1
                text3                          000800  000003  000803      1000       0  CODE        2
                text90                         000803  000005  000808      1006       0  CODE        2
                text89                         000808  000005  00080D      1010       0  CODE        2
                text83                         00080D  000005  000812      101A       0  CODE        2
                text62                         000812  000005  000817      1024       0  CODE        2
                text105                        000817  000006  00081D      102E       0  CODE        2
                text86                         00081D  000006  000823      103A       0  CODE        2
                text64                         000823  000006  000829      1046       0  CODE        2
                text63                         000829  000006  00082F      1052       0  CODE        2
                text56                         00082F  000006  000835      105E       0  CODE        2
                text25                         000835  000006  00083B      106A       0  CODE        2
                text24                         00083B  000006  000841      1076       0  CODE        2
                text23                         000841  000006  000847      1082       0  CODE        2
                text22                         000847  000006  00084D      108E       0  CODE        2
                text21                         00084D  000006  000853      109A       0  CODE        2
                text19                         000853  000006  000859      10A6       0  CODE        2
                text18                         000859  000006  00085F      10B2       0  CODE        2
                text17                         00085F  000006  000865      10BE       0  CODE        2
                text16                         000865  000006  00086B      10CA       0  CODE        2
                text15                         00086B  000006  000871      10D6       0  CODE        2
                text11                         000871  000006  000877      10E2       0  CODE        2
                text10                         000877  000006  00087D      10EE       0  CODE        2
                text6                          00087D  000006  000883      10FA       0  CODE        2
                clrtext                        000883  000006  000889      1106       0  CODE        2
                inittext                       000889  000006  00088F      1112       0  CODE        2
                text97                         00088F  000007  000896      111E       0  CODE        2
                text100                        000896  000008  00089E      112C       0  CODE        2
                text47                         00089E  000008  0008A6      113C       0  CODE        2
                text101                        0008A6  000009  0008AF      114C       0  CODE        2
                text41                         0008AF  000009  0008B8      115E       0  CODE        2
                text13                         0008B8  000009  0008C1      1170       0  CODE        2
                text44                         0008C1  00000A  0008CB      1182       0  CODE        2
                text40                         0008CB  00000A  0008D5      1196       0  CODE        2
                text12                         0008D5  00000A  0008DF      11AA       0  CODE        2
                text8                          0008DF  00000A  0008E9      11BE       0  CODE        2
                text46                         0008E9  00000B  0008F4      11D2       0  CODE        2
                text43                         0008F4  00000B  0008FF      11E8       0  CODE        2
                text70                         0008FF  00000C  00090B      11FE       0  CODE        2
                text50                         00090B  00000C  000917      1216       0  CODE        2
                text42                         000917  00000C  000923      122E       0  CODE        2
                text26                         000923  00000C  00092F      1246       0  CODE        2
                text123                        00092F  00000D  00093C      125E       0  CODE        2
                text85                         00093C  00000D  000949      1278       0  CODE        2
                text82                         000949  00000D  000956      1292       0  CODE        2
                text80                         000956  00000D  000963      12AC       0  CODE        2
                text139                        000963  00000F  000972      12C6       0  CODE        2
                text137                        000972  00000F  000981      12E4       0  CODE        2
                text134                        000981  00000F  000990      1302       0  CODE        2
                text125                        000990  00000F  00099F      1320       0  CODE        2
                text66                         00099F  00000F  0009AE      133E       0  CODE        2
                text59                         0009AE  00000F  0009BD      135C       0  CODE        2
                text136                        0009BD  000011  0009CE      137A       0  CODE        2
                text78                         0009CE  000011  0009DF      139C       0  CODE        2
                text76                         0009DF  000011  0009F0      13BE       0  CODE        2
                text74                         0009F0  000011  000A01      13E0       0  CODE        2
                idataBANK3                     000A01  000011  000A12      1402       0  CODE        2
                text48                         000A12  000012  000A24      1424       0  CODE        2
                text55                         000A24  000013  000A37      1448       0  CODE        2
                text36                         000A37  000013  000A4A      146E       0  CODE        2
                text2                          000A4A  000013  000A5D      1494       0  CODE        2
                text5                          000A5D  000014  000A71      14BA       0  CODE        2
                text152                        000A71  000015  000A86      14E2       0  CODE        2
                text146                        000A86  000016  000A9C      150C       0  CODE        2
                text122                        000A9C  000016  000AB2      1538       0  CODE        2
                text121                        000AB2  000016  000AC8      1564       0  CODE        2
                text120                        000AC8  000016  000ADE      1590       0  CODE        2
                text119                        000ADE  000016  000AF4      15BC       0  CODE        2
                text118                        000AF4  000016  000B0A      15E8       0  CODE        2
                text114                        000B0A  000016  000B20      1614       0  CODE        2
                text113                        000B20  000016  000B36      1640       0  CODE        2
                text112                        000B36  000016  000B4C      166C       0  CODE        2
                text7                          000B4C  000016  000B62      1698       0  CODE        2
                text1                          000B62  000016  000B78      16C4       0  CODE        2
                text129                        000B78  000018  000B90      16F0       0  CODE        2
                text49                         000B90  000018  000BA8      1720       0  CODE        2
                text32                         000BA8  000018  000BC0      1750       0  CODE        2
                text69                         000BC0  000019  000BD9      1780       0  CODE        2
                text4                          000BD9  000019  000BF2      17B2       0  CODE        2
                text27                         000BF2  00001C  000C0E      17E4       0  CODE        2
                text147                        000C0E  00001E  000C2C      181C       0  CODE        2
                text117                        000C2C  00001E  000C4A      1858       0  CODE        2
                text111                        000C4A  00001E  000C68      1894       0  CODE        2
                text141                        000C68  00001F  000C87      18D0       0  CODE        2
                text84                         000C87  000021  000CA8      190E       0  CODE        2
                text37                         000CA8  000023  000CCB      1950       0  CODE        2
                text45                         000CCB  000024  000CEF      1996       0  CODE        2
                text71                         000CEF  000025  000D14      19DE       0  CODE        2
                text51                         000D14  000025  000D39      1A28       0  CODE        2
                text61                         000D39  000026  000D5F      1A72       0  CODE        2
                text77                         000D5F  000027  000D86      1ABE       0  CODE        2
                text75                         000D86  000027  000DAD      1B0C       0  CODE        2
                text73                         000DAD  000027  000DD4      1B5A       0  CODE        2
                text87                         000DD4  000029  000DFD      1BA8       0  CODE        2
                text88                         000DFD  00002B  000E28      1BFA       0  CODE        2
                text67                         000E28  00002C  000E54      1C50       0  CODE        2
                text103                        000E54  00002F  000E83      1CA8       0  CODE        2
                text54                         000E83  000031  000EB4      1D06       0  CODE        2
                text35                         000EB4  000032  000EE6      1D68       0  CODE        2
                text65                         000EE6  000034  000F1A      1DCC       0  CODE        2
                text124                        000F1A  000038  000F52      1E34       0  CODE        2
                text58                         000F52  000039  000F8B      1EA4       0  CODE        2
                text29                         000F8B  00003A  000FC5      1F16       0  CODE        2
                text81                         000FC5  00003B  001000      1F8A       0  CODE        2
                stringtext1                    001000  000097  001097      2000       0  STRCODE     2
                text150                        001798  000001  001799      2F30       0  CODE        2
                text144                        001799  000001  00179A      2F32       0  CODE        2
                text140                        00179A  000001  00179B      2F34       0  CODE        2
                text135                        00179B  000001  00179C      2F36       0  CODE        2
                text116                        00179C  000002  00179E      2F38       0  CODE        2
                text132                        00179E  000003  0017A1      2F3C       0  CODE        2
                text131                        0017A1  000003  0017A4      2F42       0  CODE        2
                text130                        0017A4  000003  0017A7      2F48       0  CODE        2
                text128                        0017A7  000003  0017AA      2F4E       0  CODE        2
                text127                        0017AA  000003  0017AD      2F54       0  CODE        2
                text126                        0017AD  000003  0017B0      2F5A       0  CODE        2
                text110                        0017B0  000003  0017B3      2F60       0  CODE        2
                text108                        0017B3  000003  0017B6      2F66       0  CODE        2
                text104                        0017B6  000003  0017B9      2F6C       0  CODE        2
                text38                         0017B9  000003  0017BC      2F72       0  CODE        2
                text151                        0017BC  000004  0017C0      2F78       0  CODE        2
                text149                        0017C0  000004  0017C4      2F80       0  CODE        2
                text145                        0017C4  000004  0017C8      2F88       0  CODE        2
                text143                        0017C8  000004  0017CC      2F90       0  CODE        2
                text138                        0017CC  000004  0017D0      2F98       0  CODE        2
                text109                        0017D0  000004  0017D4      2FA0       0  CODE        2
                text107                        0017D4  000004  0017D8      2FA8       0  CODE        2
                text106                        0017D8  000005  0017DD      2FB0       0  CODE        2
                text102                        0017DD  000005  0017E2      2FBA       0  CODE        2
                text96                         0017E2  000005  0017E7      2FC4       0  CODE        2
                text95                         0017E7  000005  0017EC      2FCE       0  CODE        2
                text94                         0017EC  000005  0017F1      2FD8       0  CODE        2
                text93                         0017F1  000005  0017F6      2FE2       0  CODE        2
                text92                         0017F6  000005  0017FB      2FEC       0  CODE        2
                text91                         0017FB  000005  001800      2FF6       0  CODE        2
                stringtext5                    001800  000008  001808      3000       0  STRCODE     2


UNUSED ADDRESS RANGES

        Name                Unused          Largest block    Delta
        BANK0            0006F-0006F               1           1
        BANK1            000D2-000EF              1E           1
        BANK10           00520-0056F              50           1
        BANK11           005A0-005EF              50           1
        BANK12           00620-0066F              50           1
        BANK13           006A0-006EF              50           1
        BANK14           00720-0076F              50           1
        BANK15           007A0-007EF              50           1
        BANK16           00820-0086F              50           1
        BANK17           008A0-008EF              50           1
        BANK18           00920-0096F              50           1
        BANK19           009A0-009EF              50           1
        BANK2            00162-0016F               E           1
        BANK20           00A20-00A6F              50           1
        BANK21           00AA0-00AEF              50           1
        BANK22           00B20-00B6F              50           1
        BANK23           00BA0-00BEF              50           1
        BANK24           00C20-00C6F              50           1
        BANK25           00CA0-00CBF              20           1
        BANK3            001D5-001EF              1B           1
        BANK5            002E0-002EF              10           1
        BIGRAM           02000-027EF             7F0           1
        CODE             01097-01797             701           2
                         01808-03FFF             800
        CONST            01097-01797             100           2
                         01808-03FFF             100
        EEDATA           0F000-0F0FF             100           2
        ENTRY            01097-01797             100           2
                         01808-03FFF             100
        IDLOC            08000-08003               4           2
        RAM              0006F-0006F               1           1
                         000D2-000EF              1E
                         00162-0016F               E
                         001D5-001EF              1B
                         002E0-002EF              10
                         00520-0056F              50
                         005A0-005EF              50
                         00620-0066F              50
                         006A0-006EF              50
                         00720-0076F              50
                         007A0-007EF              50
                         00820-0086F              50
                         008A0-008EF              50
                         00920-0096F              50
                         009A0-009EF              50
                         00A20-00A6F              50
                         00AA0-00AEF              50
                         00B20-00B6F              50
                         00BA0-00BEF              50
                         00C20-00C6F              50
                         00CA0-00CBF              20
        SFR0             00000-0001F              20           1
        SFR1             00080-0009F              20           1
        SFR10            00500-0051F              20           1
        SFR11            00580-0059F              20           1
        SFR12            00600-0061F              20           1
        SFR13            00680-0069F              20           1
        SFR14            00700-0071F              20           1
        SFR15            00780-0079F              20           1
        SFR16            00800-0081F              20           1
        SFR17            00880-0089F              20           1
        SFR18            00900-0091F              20           1
        SFR19            00980-0099F              20           1
        SFR2             00100-0011F              20           1
        SFR20            00A00-00A1F              20           1
        SFR21            00A80-00A9F              20           1
        SFR22            00B00-00B1F              20           1
        SFR23            00B80-00B9F              20           1
        SFR24            00C00-00C1F              20           1
        SFR25            00C80-00C9F              20           1
        SFR26            00D00-00D6F              70           1
        SFR27            00D80-00DEF              70           1
        SFR28            00E00-00E6F              70           1
        SFR29            00E80-00EEF              70           1
        SFR3             00180-0019F              20           1
        SFR30            00F00-00F6F              70           1
        SFR31            00F80-00FEF              70           1
        SFR32            01000-0106F              70           1
        SFR33            01080-010EF              70           1
        SFR34            01100-0116F              70           1
        SFR35            01180-011EF              70           1
        SFR36            01200-0126F              70           1
        SFR37            01280-012EF              70           1
        SFR38            01300-0136F              70           1
        SFR39            01380-013EF              70           1
        SFR4             00200-0021F              20           1
        SFR40            01400-0146F              70           1
        SFR41            01480-014EF              70           1
        SFR42            01500-0156F              70           1
        SFR43            01580-015EF              70           1
        SFR44            01600-0166F              70           1
        SFR45            01680-016EF              70           1
        SFR46            01700-0176F              70           1
        SFR47            01780-017EF              70           1
        SFR48            01800-0186F              70           1
        SFR49            01880-018EF              70           1
        SFR5             00280-0029F              20           1
        SFR50            01900-0196F              70           1
        SFR51            01980-019EF              70           1
        SFR52            01A00-01A6F              70           1
        SFR53            01A80-01AEF              70           1
        SFR54            01B00-01B6F              70           1
        SFR55            01B80-01BEF              70           1
        SFR56            01C00-01C6F              70           1
        SFR57            01C80-01CEF              70           1
        SFR58            01D00-01D6F              70           1
        SFR59            01D80-01DEF              70           1
        SFR6             00300-0031F              20           1
        SFR60            01E00-01E6F              70           1
        SFR61            01E80-01EEF              70           1
        SFR62            01F00-01F6F              70           1
        SFR63            01F80-01FEF              70           1
        SFR7             00380-0039F              20           1
        SFR8             00400-0041F              20           1
        SFR9             00480-0049F              20           1
        STRCODE          01097-01797             701           2
                         01808-03FFF            27F8
        STRING           01097-01797             100           2
                         01808-03FFF             100

                                  Symbol Table

?_MCP9844_CalcTemperature                                cstackBANK0  0002D
?_i2c_read2ByteRegister                                  cstackBANK0  00024
?_strlen                                                 cstackCOMMON 00070
?_strncmp                                                cstackCOMMON 00070
BMA253_GetAccelDataX@lsbData                             cstackBANK0  0002D
BMA253_GetAccelDataX@msbData                             cstackBANK0  0002E
BMA253_GetAccelDataX@xAccelData                          cstackBANK0  0002A
BMA253_GetAccelDataXYZ@accelData                         cstackBANK0  0002F
BMA253_GetAccelDataXYZ@sensorValue                       cstackBANK0  00031
BMA253_GetAccelDataY@lsbData                             cstackBANK0  0002D
BMA253_GetAccelDataY@msbData                             cstackBANK0  0002E
BMA253_GetAccelDataY@yAccelData                          cstackBANK0  0002A
BMA253_GetAccelDataZ@lsbData                             cstackBANK0  0002D
BMA253_GetAccelDataZ@msbData                             cstackBANK0  0002E
BMA253_GetAccelDataZ@zAccelData                          cstackBANK0  0002A
BMA253_NewAccelDataRdyX@xNewData                         cstackBANK0  00029
BMA253_NewAccelDataRdyY@yNewData                         cstackBANK0  00029
BMA253_NewAccelDataRdyZ@zNewData                         cstackBANK0  00029
DELAY_milliseconds@milliseconds                          cstackCOMMON 00070
EUSART1_Read@readValue                                   cstackCOMMON 00070
EUSART1_SetErrorHandler@interruptHandler                 cstackCOMMON 00070
EUSART1_SetFramingErrorHandler@interruptHandler          cstackCOMMON 00070
EUSART1_SetOverrunErrorHandler@interruptHandler          cstackCOMMON 00070
EUSART1_SetRxInterruptHandler@interruptHandler           cstackCOMMON 00070
EUSART1_SetTxInterruptHandler@interruptHandler           cstackCOMMON 00070
EUSART1_Write@txData                                     cstackCOMMON 00070
EUSART2_SetErrorHandler@interruptHandler                 cstackCOMMON 00070
EUSART2_SetFramingErrorHandler@interruptHandler          cstackCOMMON 00070
EUSART2_SetOverrunErrorHandler@interruptHandler          cstackCOMMON 00070
EUSART2_SetRxInterruptHandler@interruptHandler           cstackCOMMON 00070
EUSART2_SetTxInterruptHandler@interruptHandler           cstackCOMMON 00070
I2C1_Close@returnValue                                   cstackCOMMON 00070
I2C1_MasterOperation@read                                cstackBANK0  00022
I2C1_MasterOperation@returnValue                         cstackBANK0  00023
I2C1_MasterSendTxData@data                               cstackCOMMON 00070
I2C1_Open@address                                        cstackCOMMON 00070
I2C1_Open@returnValue                                    cstackCOMMON 00071
I2C1_SetAddressNackCallback@cb                           cstackCOMMON 00075
I2C1_SetAddressNackCallback@ptr                          cstackCOMMON 00077
I2C1_SetBuffer@buffer                                    cstackCOMMON 00070
I2C1_SetBuffer@bufferSize                                cstackCOMMON 00072
I2C1_SetCallback@cb                                      cstackCOMMON 00070
I2C1_SetCallback@idx                                     cstackCOMMON 00074
I2C1_SetCallback@ptr                                     cstackCOMMON 00072
I2C1_SetDataCompleteCallback@cb                          cstackCOMMON 00075
I2C1_SetDataCompleteCallback@ptr                         cstackCOMMON 00077
IOCAF6_SetInterruptHandler@InterruptHandler              cstackCOMMON 00070
IOCAF7_SetInterruptHandler@InterruptHandler              cstackCOMMON 00070
LIGHTBLUE_AccState@acc                                   cstackCOMMON 0007D
LIGHTBLUE_AccState@payload                               cstackCOMMON 0007A
LIGHTBLUE_AccelSensor@accelData                          cstackBANK0  00040
LIGHTBLUE_AccelSensor@payload                            cstackBANK0  00033
LIGHTBLUE_LedState@led                                   cstackCOMMON 0007D
LIGHTBLUE_LedState@payload                               cstackCOMMON 0007A
LIGHTBLUE_ParseIncomingPacket@data                       bssBANK0     0004A
LIGHTBLUE_ParseIncomingPacket@length                     bssBANK0     00050
LIGHTBLUE_ParseIncomingPacket@packetID                   bssBANK0     0004F
LIGHTBLUE_ParseIncomingPacket@parserState                bssBANK0     00051
LIGHTBLUE_ParseIncomingPacket@receivedByte               cstackBANK0  00026
LIGHTBLUE_PerformAction@data                             cstackCOMMON 00072
LIGHTBLUE_PerformAction@id                               cstackCOMMON 00074
LIGHTBLUE_PerformAction@led                              cstackCOMMON 00075
LIGHTBLUE_PushButton@button                              cstackCOMMON 0007D
LIGHTBLUE_PushButton@payload                             cstackCOMMON 0007A
LIGHTBLUE_SendPacket@packetID                            cstackCOMMON 00079
LIGHTBLUE_SendPacket@payload                             cstackCOMMON 00076
LIGHTBLUE_SendProtocolVersion@dataIndex                  cstackBANK0  00034
LIGHTBLUE_SendProtocolVersion@payload                    cstackBANK0  00020
LIGHTBLUE_SendProtocolVersion@value                      cstackBANK0  00033
LIGHTBLUE_SendSerialData@length                          cstackCOMMON 00078
LIGHTBLUE_SendSerialData@serialData                      cstackCOMMON 00076
LIGHTBLUE_SetErrorLedValue@value                         cstackCOMMON 00071
LIGHTBLUE_SplitByte@payload                              cstackCOMMON 00075
LIGHTBLUE_SplitByte@value                                cstackCOMMON 00076
LIGHTBLUE_SplitWord@payload                              cstackCOMMON 00078
LIGHTBLUE_SplitWord@value                                cstackCOMMON 00079
LIGHTBLUE_TemperatureSensor@payload                      cstackBANK0  00039
LIGHTBLUE_TemperatureSensor@temperature                  cstackBANK0  0003E
MCP9844_CalcTemperature@lowerByte                        cstackBANK0  00035
MCP9844_CalcTemperature@temperatureData                  cstackBANK0  00036
MCP9844_CalcTemperature@upperByte                        cstackBANK0  00034
MCP9844_GetTemperatureValue@temperature                  cstackBANK0  00038
RN487X_Delay@delayCount                                  cstackCOMMON 00072
RN487X_FilterData@asyncBuffering                         bssBANK0     00068
RN487X_FilterData@readChar                               cstackBANK0  00042
RN487X_IndicateRx@value                                  cstackCOMMON 00070
RN487X_MessageHandler@message                            cstackCOMMON 0007D
RN487X_MessageHandler@messageType                        cstackBANK0  00041
RN487X_Reset@value                                       cstackCOMMON 00070
RN487X_SetSystemMode@mode                                cstackCOMMON 00070
RN487X_Write@txData                                      cstackCOMMON 00075
TMR0_SetInterruptHandler@InterruptHandler                cstackCOMMON 00070
_ANSELA                                                  (abs)        01F38
_ANSELB                                                  (abs)        01F43
_ANSELC                                                  (abs)        01F4E
_BAUD1CON                                                (abs)        0011F
_BAUD2CON                                                (abs)        00A1F
_BMA253_GetAccelDataX                                    text77       00D5F
_BMA253_GetAccelDataXYZ                                  text72       00652
_BMA253_GetAccelDataY                                    text75       00D86
_BMA253_GetAccelDataZ                                    text73       00DAD
_BMA253_NewAccelDataRdyX                                 text78       009CE
_BMA253_NewAccelDataRdyY                                 text76       009DF
_BMA253_NewAccelDataRdyZ                                 text74       009F0
_DELAY_milliseconds                                      text48       00A12
_EUSART1_DefaultErrorHandler                             text151      017BC
_EUSART1_DefaultFramingErrorHandler                      text150      01798
_EUSART1_DefaultOverrunErrorHandler                      text149      017C0
_EUSART1_ErrorHandler                                    nvBANK2      0015A
_EUSART1_FramingErrorHandler                             nvBANK2      0015E
_EUSART1_Initialize                                      text20       0071B
_EUSART1_OverrunErrorHandler                             nvBANK2      0015C
_EUSART1_Read                                            text45       00CCB
_EUSART1_Receive_ISR                                     text148      00795
_EUSART1_RxDataHandler                                   text152      00A71
_EUSART1_RxDefaultInterruptHandler                       nvBANK2      00160
_EUSART1_SetErrorHandler                                 text25       00835
_EUSART1_SetFramingErrorHandler                          text24       0083B
_EUSART1_SetOverrunErrorHandler                          text23       00841
_EUSART1_SetRxInterruptHandler                           text22       00847
_EUSART1_SetTxInterruptHandler                           text21       0084D
_EUSART1_Transmit_ISR                                    text147      00C0E
_EUSART1_TxDefaultInterruptHandler                       nvBANK1      000CC
_EUSART1_Write                                           text71       00CEF
_EUSART1_is_rx_ready                                     text41       008AF
_EUSART1_is_tx_done                                      (abs)        00000
_EUSART1_is_tx_ready                                     (abs)        00000
_EUSART2_DefaultErrorHandler                             text145      017C4
_EUSART2_DefaultFramingErrorHandler                      text144      01799
_EUSART2_DefaultOverrunErrorHandler                      text143      017C8
_EUSART2_ErrorHandler                                    nvBANK2      00154
_EUSART2_FramingErrorHandler                             nvBANK2      00158
_EUSART2_Initialize                                      text14       006DE
_EUSART2_OverrunErrorHandler                             nvBANK2      00156
_EUSART2_Receive_ISR                                     text142      00758
_EUSART2_RxDataHandler                                   text146      00A86
_EUSART2_RxDefaultInterruptHandler                       nvBANK1      000CE
_EUSART2_SetErrorHandler                                 text19       00853
_EUSART2_SetFramingErrorHandler                          text18       00859
_EUSART2_SetOverrunErrorHandler                          text17       0085F
_EUSART2_SetRxInterruptHandler                           text16       00865
_EUSART2_SetTxInterruptHandler                           text15       0086B
_EUSART2_Transmit_ISR                                    text141      00C68
_EUSART2_TxDefaultInterruptHandler                       nvBANK1      000D0
_I2C1_CallbackReturnReset                                text115      00002
_I2C1_CallbackReturnStop                                 text116      0179C
_I2C1_Close                                              text129      00B78
_I2C1_DO_ADDRESS_NACK                                    text88       00DFD
_I2C1_DO_IDLE                                            text102      017DD
_I2C1_DO_RCEN                                            text97       0088F
_I2C1_DO_RESET                                           text89       00808
_I2C1_DO_RX                                              text98       00698
_I2C1_DO_RX_ACK                                          text92       017F6
_I2C1_DO_RX_NACK_RESTART                                 text90       00803
_I2C1_DO_RX_NACK_STOP                                    text91       017FB
_I2C1_DO_SEND_ADR_READ                                   text101      008A6
_I2C1_DO_SEND_ADR_WRITE                                  text100      00896
_I2C1_DO_SEND_RESTART                                    text94       017EC
_I2C1_DO_SEND_RESTART_READ                               text96       017E2
_I2C1_DO_SEND_RESTART_WRITE                              text95       017E7
_I2C1_DO_SEND_STOP                                       text93       017F1
_I2C1_DO_TX                                              text99       00434
_I2C1_DO_TX_EMPTY                                        text103      00E54
_I2C1_Initialize                                         text13       008B8
_I2C1_MasterClearIrq                                     text132      0179E
_I2C1_MasterClose                                        text131      017A1
_I2C1_MasterDisableIrq                                   text130      017A4
_I2C1_MasterEnableRestart                                text127      017AA
_I2C1_MasterFsm                                          text87       00DD4
_I2C1_MasterGetRxData                                    text108      017B3
_I2C1_MasterIsNack                                       text105      00817
_I2C1_MasterOpen                                         text82       00949
_I2C1_MasterOperation                                    text84       00C87
_I2C1_MasterSendAck                                      text107      017D4
_I2C1_MasterSendNack                                     text109      017D0
_I2C1_MasterSendTxData                                   text106      017D8
_I2C1_MasterSetIrq                                       text104      017B6
_I2C1_MasterStart                                        text128      017A7
_I2C1_MasterStartRx                                      text110      017B0
_I2C1_MasterStop                                         text126      017AD
_I2C1_MasterWaitForEvent                                 text86       0081D
_I2C1_MasterWrite                                        text83       0080D
_I2C1_Open                                               text81       00FC5
_I2C1_Poller                                             text85       0093C
_I2C1_SetAddressNackCallback                             text80       00956
_I2C1_SetBuffer                                          text125      00990
_I2C1_SetCallback                                        text124      00F1A
_I2C1_SetDataCompleteCallback                            text123      0092F
_I2C1_Status                                             bssBANK3     001A0
_INLVLA                                                  (abs)        01F3C
_INLVLB                                                  (abs)        01F47
_INLVLC                                                  (abs)        01F52
_INTCONbits                                              (abs)        0000B
_INTERRUPT_InterruptManager                              intentry     00004
_INTERRUPTbits                                           bssBANK0     0006E
_IOCAF6_DefaultInterruptHandler                          text140      0179A
_IOCAF6_ISR                                              text139      00963
_IOCAF6_InterruptHandler                                 nvBANK1      000CA
_IOCAF6_SetInterruptHandler                              text11       00871
_IOCAF7_DefaultInterruptHandler                          text138      017CC
_IOCAF7_ISR                                              text137      00972
_IOCAF7_InterruptHandler                                 nvBANK1      000C8
_IOCAF7_SetInterruptHandler                              text10       00877
_IOCAFbits                                               (abs)        01F3F
_IOCANbits                                               (abs)        01F3E
_IOCAPbits                                               (abs)        01F3D
_LATA                                                    (abs)        00018
[...]
_eusart1RxLastError                                      bssBANK0     0005B
_eusart1RxStatusBuffer                                   bssBANK1     000A8
_eusart1RxTail                                           bssBANK0     0005D
_eusart1TxBuffer                                         bssBANK1     000B8
_eusart1TxBufferRemaining                                bssBANK0     0005F
_eusart1TxHead                                           bssBANK0     00061
_eusart1TxTail                                           bssBANK0     00060
_eusart2RxBuffer                                         bssBANK2     00144
_eusart2RxCount                                          bssBANK0     00055
_eusart2RxHead                                           bssBANK0     00057
_eusart2RxLastError                                      bssBANK0     00054
_eusart2RxStatusBuffer                                   bssBANK1     000A0
_eusart2RxTail                                           bssBANK0     00056
_eusart2TxBuffer                                         bssBANK2     0014C
_eusart2TxBufferRemaining                                bssBANK0     00058
_eusart2TxHead                                           bssBANK0     0005A
_eusart2TxTail                                           bssBANK0     00059
_flats                                                   bssBANK0     00062
_fsmStateTable                                           stringtext2  01028
_i2c1_driver_busCollisionISR                             bssBANK0     00048
_i2c1_driver_i2cISR                                      bssBANK1     000C0
_i2c1_fsmStateTable                                      stringtext3  01048
_i2c_ISR                                                 (abs)        00000
_i2c_busCollisionISR                                     (abs)        00000
_i2c_read1ByteRegister                                   text79       004D9
_i2c_read2ByteRegister                                   text52       0060A
_i2c_status                                              bssBANK2     00120
_lightBlueSerial@main$F2767                              bssBANK4     00220
_main                                                    maintext     0018E
_main$4879                                               cstackBANK0  00047
_pHead                                                   bssBANK0     0006B
_peek                                                    bssBANK0     0006A
_pushed                                                  bssBANK0     00065
_rad                                                     bssBANK0     0004E
_rd1RegCompleteHandler                                   text121      00AB2
_rd1RegCompleteHandler@i2c_simple_master$F3582           text113      00B20
_rd2RegCompleteHandler                                   text120      00AC8
_rd2RegCompleteHandler@i2c_simple_master$F3590           text112      00B36
_rdBlkRegCompleteHandler                                 text117      00C2C
_rdBlkRegCompleteHandler@i2c_simple_master$F3602         text111      00C4A
_returnReset                                             (abs)        00000
_returnStop                                              (abs)        00000
_rn487x_PrintIndicatorCharacters                         text37       00CA8
_rn487x_PrintMessage                                     text35       00EB4
_rn487x_PrintMessageEnd                                  text34       00529
_rn487x_PrintMessageStart                                text33       007D2
_sendSpiReadRequest                                      bssBANK0     00064
_sequenceNumber                                          bssBANK0     00052
_serialIndex@main$F2768                                  bssBANK0     00053
_service_acceleremoterInterrupt                          text1        00B62
_spi2_configuration                                      stringtext5  01800
_statusBuffer                                            bssBANK6     00320
_strchr                                                  text32       00BA8
_strcpy                                                  text36       00A37
_strlen                                                  text69       00BC0
_strncmp                                                 text31       00489
_strstr                                                  text30       005C1
_uart                                                    stringtext1  01000
_wr1RegCompleteHandler                                   text119      00ADE
_wr1RegCompleteHandler@i2c_simple_master$F3572           text114      00B0A
_wr2RegCompleteHandler                                   text118      00AF4
_wr2RegCompleteHandler@i2c_simple_master$F3596           text122      00A9C
btemp                                                    (abs)        0007E
clear_ram0                                               clrtext      00883
end_of_initialization                                    cinit        000BF
i2c_read1ByteRegister@address                            cstackBANK0  00024
i2c_read1ByteRegister@d2                                 cstackBANK0  00028
i2c_read1ByteRegister@e                                  cstackBANK0  00025
i2c_read1ByteRegister@reg                                cstackCOMMON 0007D
i2c_read1ByteRegister@x                                  cstackBANK0  00026
i2c_read2ByteRegister@address                            cstackBANK0  0002A
i2c_read2ByteRegister@reg                                cstackBANK0  00024
i2c_read2ByteRegister@result                             cstackBANK0  0002B
init_ram                                                 inittext     00889
int$flags                                                (abs)        0007E
intlevel0                                                functab      00000
intlevel1                                                functab      00000
intlevel2                                                functab      00000
intlevel3                                                functab      00000
intlevel4                                                functab      00000
intlevel5                                                functab      00000
rd1RegCompleteHandler@i2c_simple_master$F3582@p          cstackCOMMON 00079
rd1RegCompleteHandler@ptr                                cstackCOMMON 00079
rd2RegCompleteHandler@i2c_simple_master$F3590@p          cstackCOMMON 00079
rd2RegCompleteHandler@ptr                                cstackCOMMON 00079
rdBlkRegCompleteHandler@i2c_simple_master$F3602@p        cstackCOMMON 00079
rdBlkRegCompleteHandler@ptr                              cstackCOMMON 00079
reset_vec                                                reset_vec    00000
rn487x_PrintIndicatorCharacters@messageType              cstackCOMMON 00071
rn487x_PrintMessage@messageIndex                         cstackBANK0  00040
rn487x_PrintMessage@passedMessage                        cstackCOMMON 00075
rn487x_PrintMessage@printCharacter                       cstackBANK0  00020
send_spi_read@data                                       bssBANK1     000C2
start                                                    init         00061
start_initialization                                     cinit        00063
strchr@c                                                 cstackCOMMON 00071
strchr@s                                                 cstackCOMMON 00070
strcpy@d                                                 cstackCOMMON 00072
strcpy@dest                                              cstackCOMMON 00070
strcpy@src                                               cstackCOMMON 00071
strlen@a                                                 cstackCOMMON 00073
strlen@s                                                 cstackCOMMON 00070
strncmp@l                                                cstackCOMMON 00070
strncmp@n                                                cstackCOMMON 00073
strncmp@r                                                cstackCOMMON 00071
strstr@h                                                 cstackCOMMON 00076
strstr@n                                                 cstackCOMMON 00077
strstr@nl                                                cstackCOMMON 0007B
wr1RegCompleteHandler@i2c_simple_master$F3572@p          cstackCOMMON 00079
wr1RegCompleteHandler@ptr                                cstackCOMMON 00079
wr2RegCompleteHandler@i2c_simple_master$F3596@p          cstackCOMMON 00079
wr2RegCompleteHandler@ptr                                cstackCOMMON 00079
wtemp0                                                   (abs)        0007E


MODULE INFORMATION

Module		Function		Class		Link	Load	Size
mcc_generated_files/examples/i2c1_master_example.c
		_wr1RegCompleteHandler		CODE           	0ADE	0000	22
		_wr2RegCompleteHandler		CODE           	0AF4	0000	22
		_rdBlkRegCompleteHandler		CODE           	0C2C	0000	30
		_rd1RegCompleteHandler		CODE           	0AB2	0000	22
		_rd2RegCompleteHandler		CODE           	0AC8	0000	22

mcc_generated_files/examples/i2c1_master_example.c estimated size: 118

mcc_generated_files/eusart2.c
		_EUSART2_SetOverrunErrorHandler		CODE           	085F	0000	6
		_EUSART2_SetErrorHandler		CODE           	0853	0000	6
		_EUSART2_Receive_ISR		CODE           	0758	0000	61
		_EUSART2_RxDataHandler		CODE           	0A86	0000	22
		_EUSART2_DefaultOverrunErrorHandler		CODE           	17C8	0000	4
		_EUSART2_Transmit_ISR		CODE           	0C68	0000	31
		_EUSART2_DefaultFramingErrorHandler		CODE           	1799	0000	1
		_EUSART2_SetRxInterruptHandler		CODE           	0865	0000	6
		_EUSART2_SetTxInterruptHandler		CODE           	086B	0000	6
		_EUSART2_Initialize		CODE           	06DE	0000	61
		_EUSART2_DefaultErrorHandler		CODE           	17C4	0000	4
		_EUSART2_SetFramingErrorHandler		CODE           	0859	0000	6

mcc_generated_files/eusart2.c estimated size: 214

mcc_generated_files/i2c1_master.c
		_I2C1_DO_SEND_RESTART		CODE           	17EC	0000	5
		_I2C1_DO_TX_EMPTY		CODE           	0E54	0000	47
		_I2C1_DO_SEND_RESTART_READ		CODE           	17E2	0000	5
		_I2C1_CallbackReturnStop		CODE           	179C	0000	2
		_I2C1_DO_RX    		CODE           	0698	0000	70
		_I2C1_DO_TX    		CODE           	0434	0000	85
		_I2C1_SetAddressNackCallback		CODE           	0956	0000	13
		_I2C1_DO_IDLE  		CODE           	17DD	0000	5
		_I2C1_MasterOpen		CODE           	0949	0000	13
		_I2C1_DO_RCEN  		CODE           	088F	0000	7
		_I2C1_MasterSendTxData		CODE           	17D8	0000	5
		_I2C1_MasterStop		CODE           	17AD	0000	3
		_I2C1_CallbackReturnReset		CODE           	0002	0000	2
		_I2C1_DO_RESET 		CODE           	0808	0000	5
		_I2C1_MasterStartRx		CODE           	17B0	0000	3
		_I2C1_Poller   		CODE           	093C	0000	13
		_I2C1_DO_RX_ACK		CODE           	17F6	0000	5
		_I2C1_MasterWaitForEvent		CODE           	081D	0000	6
		_I2C1_MasterSendNack		CODE           	17D0	0000	4
		_I2C1_DO_RX_NACK_RESTART		CODE           	0803	0000	5
		_I2C1_MasterDisableIrq		CODE           	17A4	0000	3
		_I2C1_MasterOperation		CODE           	0C87	0000	33
		_I2C1_SetCallback		CODE           	0F1A	0000	56
		_I2C1_MasterEnableRestart		CODE           	17AA	0000	3
		_I2C1_Open     		CODE           	0FC5	0000	59
		_I2C1_DO_ADDRESS_NACK		CODE           	0DFD	0000	43
		_I2C1_SetBuffer		CODE           	0990	0000	15
		_I2C1_DO_SEND_RESTART_WRITE		CODE           	17E7	0000	5
		_I2C1_MasterClose		CODE           	17A1	0000	3
		_I2C1_MasterWrite		CODE           	080D	0000	5
		_I2C1_Initialize		CODE           	08B8	0000	9
		_I2C1_Close    		CODE           	0B78	0000	24
		_I2C1_MasterIsNack		CODE           	0817	0000	6
		_I2C1_MasterStart		CODE           	17A7	0000	3
		_I2C1_DO_SEND_ADR_WRITE		CODE           	0896	0000	8
		_I2C1_MasterClearIrq		CODE           	179E	0000	3
		_I2C1_SetDataCompleteCallback		CODE           	092F	0000	13
		_I2C1_DO_SEND_STOP		CODE           	17F1	0000	5
		_I2C1_MasterSendAck		CODE           	17D4	0000	4
		_I2C1_MasterFsm		CODE           	0DD4	0000	41
		_I2C1_MasterGetRxData		CODE           	17B3	0000	3
		_I2C1_MasterSetIrq		CODE           	17B6	0000	3
		_I2C1_DO_SEND_ADR_READ		CODE           	08A6	0000	9
		_I2C1_DO_RX_NACK_STOP		CODE           	17FB	0000	5

mcc_generated_files/i2c1_master.c estimated size: 664

mcc_generated_files/interrupt_manager.c
		_INTERRUPT_InterruptManager		CODE           	0004	0000	93

mcc_generated_files/interrupt_manager.c estimated size: 93

mcc_generated_files/application/LIGHTBLUE_service.c
		_LIGHTBLUE_PerformAction		CODE           	0F52	0000	57
		_LIGHTBLUE_GetAccState		CODE           	0800	0000	3
		_LIGHTBLUE_TemperatureSensor		CODE           	0B90	0000	24
		_LIGHTBLUE_UpdateErrorLed		CODE           	07FF	0000	1
		_LIGHTBLUE_SplitWord		CODE           	099F	0000	15
		_LIGHTBLUE_PushButton		CODE           	0A24	0000	19
		_LIGHTBLUE_SplitByte		CODE           	0E28	0000	44
		_LIGHTBLUE_GetDataLedValue		CODE           	0829	0000	6
		_LIGHTBLUE_GetButtonValue		CODE           	082F	0000	6
		_LIGHTBLUE_GetErrorLedValue		CODE           	0812	0000	5
		_LIGHTBLUE_SetErrorLedValue		CODE           	09AE	0000	15
		_LIGHTBLUE_ParseIncomingPacket		CODE           	00C3	0000	203
		_LIGHTBLUE_Initialize		CODE           	0823	0000	6
		_LIGHTBLUE_AccState		CODE           	0A4A	0000	19
		_LIGHTBLUE_LedState		CODE           	0D39	0000	38
		_LIGHTBLUE_AccelSensor		CODE           	0EE6	0000	52
		_LIGHTBLUE_SendProtocolVersion		CODE           	0E83	0000	49
		_LIGHTBLUE_SendPacket		CODE           	02F7	0000	136
		_LIGHTBLUE_SendSerialData		CODE           	0253	0000	164

mcc_generated_files/application/LIGHTBLUE_service.c estimated size: 862

C:\Program Files\Microchip\xc8\v3.00\pic\sources\c99\common\strstr.c
		_strstr        		CODE           	05C1	0000	73

C:\Program Files\Microchip\xc8\v3.00\pic\sources\c99\common\strstr.c estimated size: 73

mcc_generated_files/tmr0.c
		_TMR0_SetInterruptHandler		CODE           	087D	0000	6
		_TMR0_DefaultInterruptHandler		CODE           	179B	0000	1
		_TMR0_ISR      		CODE           	0981	0000	15
		_TMR0_Initialize		CODE           	0A5D	0000	20

mcc_generated_files/tmr0.c estimated size: 42

mcc_generated_files/pin_manager.c
		_IOCAF6_ISR    		CODE           	0963	0000	15
		_PIN_MANAGER_Initialize		CODE           	03DD	0000	87
		_IOCAF7_DefaultInterruptHandler		CODE           	17CC	0000	4
		_IOCAF7_ISR    		CODE           	0972	0000	15
		_IOCAF6_SetInterruptHandler		CODE           	0871	0000	6
		_PIN_MANAGER_IOC		CODE           	09BD	0000	17
		_IOCAF7_SetInterruptHandler		CODE           	0877	0000	6
		_IOCAF6_DefaultInterruptHandler		CODE           	179A	0000	1

mcc_generated_files/pin_manager.c estimated size: 151

mcc_generated_files/drivers/i2c_simple_master.c
		_rdBlkRegCompleteHandler@i2c_simple_master$F3602		CODE           	0C4A	0000	30
		_wr1RegCompleteHandler@i2c_simple_master$F3572		CODE           	0B0A	0000	22
		_wr2RegCompleteHandler@i2c_simple_master$F3596		CODE           	0A9C	0000	22
		_i2c_read1ByteRegister		CODE           	04D9	0000	80
		_i2c_read2ByteRegister		CODE           	060A	0000	72
		_rd1RegCompleteHandler@i2c_simple_master$F3582		CODE           	0B20	0000	22
		_rd2RegCompleteHandler@i2c_simple_master$F3590		CODE           	0B36	0000	22

mcc_generated_files/drivers/i2c_simple_master.c estimated size: 270

mcc_generated_files/rn487x/rn487x.c
		_RN487X_Read   		CODE           	0923	0000	12
		_RN487X_Init   		CODE           	037F	0000	94
		_RN487X_FilterData		CODE           	0577	0000	74
		_RN487X_DataReady		CODE           	0BF2	0000	28

mcc_generated_files/rn487x/rn487x.c estimated size: 208

C:\Program Files\Microchip\xc8\v3.00\pic\sources\c99\common\strncmp.c
		_strncmp       		CODE           	0489	0000	80

C:\Program Files\Microchip\xc8\v3.00\pic\sources\c99\common\strncmp.c estimated size: 80

mcc_generated_files/application/MCP9844_temp_sensor.c
		_MCP9844_CalcTemperature		CODE           	0D14	0000	37
		_MCP9844_GetTemperatureValue		CODE           	090B	0000	12

mcc_generated_files/application/MCP9844_temp_sensor.c estimated size: 49

shared
		_uart          		STRCODE        	1000	0000	40
		_RN487X        		STRCODE        	1068	0000	18
		__initialization		CODE           	0063	0000	92
		_rn487x_driver_version		STRCODE        	0000	0000	0
		_i2c1_fsmStateTable		STRCODE        	1048	0000	32
		_fsmStateTable 		STRCODE        	1028	0000	32
		_protocol_version_number		STRCODE        	0000	0000	0
		_spi2_configuration		STRCODE        	1800	0000	4

shared estimated size: 218

mcc_generated_files/eusart1.c
		_EUSART1_SetRxInterruptHandler		CODE           	0847	0000	6
		_EUSART1_SetTxInterruptHandler		CODE           	084D	0000	6
		_EUSART1_is_rx_ready		CODE           	08AF	0000	9
		_EUSART1_Initialize		CODE           	071B	0000	61
		_EUSART1_DefaultErrorHandler		CODE           	17BC	0000	4
		_EUSART1_SetFramingErrorHandler		CODE           	083B	0000	6
		_EUSART1_Read  		CODE           	0CCB	0000	36
		_EUSART1_SetOverrunErrorHandler		CODE           	0841	0000	6
		_EUSART1_SetErrorHandler		CODE           	0835	0000	6
		_EUSART1_Write 		CODE           	0CEF	0000	37
		_EUSART1_Receive_ISR		CODE           	0795	0000	61
		_EUSART1_RxDataHandler		CODE           	0A71	0000	21
		_EUSART1_DefaultOverrunErrorHandler		CODE           	17C0	0000	4
		_EUSART1_Transmit_ISR		CODE           	0C0E	0000	30
		_EUSART1_DefaultFramingErrorHandler		CODE           	1798	0000	1

mcc_generated_files/eusart1.c estimated size: 294

mcc_generated_files/mcc.c
		_PMD_Initialize		CODE           	08DF	0000	10
		_OSCILLATOR_Initialize		CODE           	08D5	0000	10
		_SYSTEM_Initialize		CODE           	0BD9	0000	25

mcc_generated_files/mcc.c estimated size: 45

C:\Program Files\Microchip\xc8\v3.00\pic\sources\c99\common\strlen.c
		_strlen        		CODE           	0BC0	0000	25

C:\Program Files\Microchip\xc8\v3.00\pic\sources\c99\common\strlen.c estimated size: 25

C:\Program Files\Microchip\xc8\v3.00\pic\sources\c99\common\strchr.c
		_strchr        		CODE           	0BA8	0000	24

C:\Program Files\Microchip\xc8\v3.00\pic\sources\c99\common\strchr.c estimated size: 24

C:\Program Files\Microchip\xc8\v3.00\pic\sources\c99\common\strcpy.c
		_strcpy        		CODE           	0A37	0000	19

C:\Program Files\Microchip\xc8\v3.00\pic\sources\c99\common\strcpy.c estimated size: 19

mcc_generated_files/delay.c
		_DELAY_milliseconds		CODE           	0A12	0000	18

mcc_generated_files/delay.c estimated size: 18

mcc_generated_files/spi2.c
		_SPI2_Initialize		CODE           	0B4C	0000	22

mcc_generated_files/spi2.c estimated size: 22

main.c
		_service_acceleremoterInterrupt		CODE           	0B62	0000	22
		_main          		CODE           	018E	0000	197

main.c estimated size: 219

mcc_generated_files/rn487x/rn487x_interface.c
		_RN487X_MessageHandler		CODE           	0F8B	0000	58
		_RN487X_IndicateRx		CODE           	08E9	0000	11
		_RN487X_SetSystemMode		CODE           	0917	0000	12
		_RN487X_IsConnected		CODE           	17B9	0000	3
		_RN487X_Read@rn487x_interface$F545		CODE           	08C1	0000	10
		_rn487x_PrintIndicatorCharacters		CODE           	0CA8	0000	35
		_rn487x_PrintMessageStart		CODE           	07D2	0000	45
		_RN487X_is_rx_ready		CODE           	08CB	0000	10
		_rn487x_PrintMessage		CODE           	0EB4	0000	50
		_RN487X_Write  		CODE           	08FF	0000	12
		_RN487X_Reset  		CODE           	08F4	0000	11
		_RN487X_Delay  		CODE           	089E	0000	8
		_rn487x_PrintMessageEnd		CODE           	0529	0000	78

mcc_generated_files/rn487x/rn487x_interface.c estimated size: 343

mcc_generated_files/application/BMA253_accel.c
		_BMA253_GetAccelDataXYZ		CODE           	0652	0000	70
		_BMA253_NewAccelDataRdyY		CODE           	09DF	0000	17
		_BMA253_NewAccelDataRdyX		CODE           	09CE	0000	17
		_BMA253_GetAccelDataX		CODE           	0D5F	0000	39
		_BMA253_GetAccelDataY		CODE           	0D86	0000	39
		_BMA253_GetAccelDataZ		CODE           	0DAD	0000	39
		_BMA253_NewAccelDataRdyZ		CODE           	09F0	0000	17

mcc_generated_files/application/BMA253_accel.c estimated size: 238

